Archive member included because of file (symbol)

c:/program files (x86)/gnu tools arm embedded/4.9 2015q3/bin/../lib/gcc/arm-none-eabi/4.9.3/../../../../arm-none-eabi/lib/armv7-m\libm.a(lib_a-s_trunc.o)
                              ..\obj\main.o (trunc)
c:/program files (x86)/gnu tools arm embedded/4.9 2015q3/bin/../lib/gcc/arm-none-eabi/4.9.3/armv7-m\libgcc.a(_arm_addsubdf3.o)
                              c:/program files (x86)/gnu tools arm embedded/4.9 2015q3/bin/../lib/gcc/arm-none-eabi/4.9.3/../../../../arm-none-eabi/lib/armv7-m\libm.a(lib_a-s_trunc.o) (__aeabi_dadd)
c:/program files (x86)/gnu tools arm embedded/4.9 2015q3/bin/../lib/gcc/arm-none-eabi/4.9.3/armv7-m\libgcc.a(_arm_muldivdf3.o)
                              ..\obj\main.o (__aeabi_dmul)
c:/program files (x86)/gnu tools arm embedded/4.9 2015q3/bin/../lib/gcc/arm-none-eabi/4.9.3/armv7-m\libgcc.a(_arm_fixdfsi.o)
                              ..\obj\main.o (__aeabi_d2iz)
c:/program files (x86)/gnu tools arm embedded/4.9 2015q3/bin/../lib/gcc/arm-none-eabi/4.9.3/armv7-m\libgcc.a(_arm_truncdfsf2.o)
                              ..\obj\main.o (__aeabi_d2f)
c:/program files (x86)/gnu tools arm embedded/4.9 2015q3/bin/../lib/gcc/arm-none-eabi/4.9.3/armv7-m\libgcc.a(_arm_addsubsf3.o)
                              ..\obj\main.o (__aeabi_fsub)
c:/program files (x86)/gnu tools arm embedded/4.9 2015q3/bin/../lib/gcc/arm-none-eabi/4.9.3/armv7-m\libgcc.a(_arm_muldivsf3.o)
                              ..\obj\main.o (__aeabi_fmul)
c:/program files (x86)/gnu tools arm embedded/4.9 2015q3/bin/../lib/gcc/arm-none-eabi/4.9.3/armv7-m\libgcc.a(_arm_fixsfsi.o)
                              ..\obj\main.o (__aeabi_f2iz)

Allocating common symbols
Common symbol       size              file

HSEStartUpStatus    0x1               ..\obj\main.o
Clock1s             0x1               ..\obj\main.o
AD_value            0x4               ..\obj\main.o
AD1_value           0x4               ..\obj\main.o
ADC_InitStructure   0x14              ..\obj\main.o
ADC_ConvertedValue  0x2               ..\obj\main.o
DMA_InitStructure   0x2c              ..\obj\main.o
AD_value1           0x4               ..\obj\main.o

Discarded input sections

 .text          0x00000000        0x0 ..\obj\stm32f10x_rtc.o
 .data          0x00000000        0x0 ..\obj\stm32f10x_rtc.o
 .bss           0x00000000        0x0 ..\obj\stm32f10x_rtc.o
 .text.RTC_ITConfig
                0x00000000       0x4c ..\obj\stm32f10x_rtc.o
 .text.RTC_EnterConfigMode
                0x00000000       0x20 ..\obj\stm32f10x_rtc.o
 .text.RTC_ExitConfigMode
                0x00000000       0x20 ..\obj\stm32f10x_rtc.o
 .text.RTC_GetCounter
                0x00000000       0x2c ..\obj\stm32f10x_rtc.o
 .text.RTC_SetCounter
                0x00000000       0x2c ..\obj\stm32f10x_rtc.o
 .text.RTC_SetPrescaler
                0x00000000       0x30 ..\obj\stm32f10x_rtc.o
 .text.RTC_SetAlarm
                0x00000000       0x2c ..\obj\stm32f10x_rtc.o
 .text.RTC_GetDivider
                0x00000000       0x38 ..\obj\stm32f10x_rtc.o
 .text.RTC_WaitForLastTask
                0x00000000       0x20 ..\obj\stm32f10x_rtc.o
 .text.RTC_WaitForSynchro
                0x00000000       0x30 ..\obj\stm32f10x_rtc.o
 .text.RTC_GetFlagStatus
                0x00000000       0x3c ..\obj\stm32f10x_rtc.o
 .text.RTC_ClearFlag
                0x00000000       0x2c ..\obj\stm32f10x_rtc.o
 .text.RTC_GetITStatus
                0x00000000       0x50 ..\obj\stm32f10x_rtc.o
 .text.RTC_ClearITPendingBit
                0x00000000       0x2c ..\obj\stm32f10x_rtc.o
 .debug_info    0x00000000      0x434 ..\obj\stm32f10x_rtc.o
 .debug_abbrev  0x00000000      0x18d ..\obj\stm32f10x_rtc.o
 .debug_aranges
                0x00000000       0x88 ..\obj\stm32f10x_rtc.o
 .debug_ranges  0x00000000       0x78 ..\obj\stm32f10x_rtc.o
 .debug_line    0x00000000      0x2c6 ..\obj\stm32f10x_rtc.o
 .debug_str     0x00000000      0x3a7 ..\obj\stm32f10x_rtc.o
 .comment       0x00000000       0x71 ..\obj\stm32f10x_rtc.o
 .debug_frame   0x00000000      0x214 ..\obj\stm32f10x_rtc.o
 .ARM.attributes
                0x00000000       0x33 ..\obj\stm32f10x_rtc.o
 .text          0x00000000        0x0 ..\obj\system_stm32f10x.o
 .data          0x00000000       0x14 ..\obj\system_stm32f10x.o
 .bss           0x00000000        0x0 ..\obj\system_stm32f10x.o
 .text.SystemCoreClockUpdate
                0x00000000       0xdc ..\obj\system_stm32f10x.o
 .text          0x00000000        0x0 ..\obj\startup_stm32f10x_hd.o
 .data          0x00000000        0x0 ..\obj\startup_stm32f10x_hd.o
 .bss           0x00000000        0x0 ..\obj\startup_stm32f10x_hd.o
 .text          0x00000000        0x0 ..\obj\stm32f10x_pwr.o
 .data          0x00000000        0x0 ..\obj\stm32f10x_pwr.o
 .bss           0x00000000        0x0 ..\obj\stm32f10x_pwr.o
 .text.PWR_DeInit
                0x00000000       0x1c ..\obj\stm32f10x_pwr.o
 .text.PWR_BackupAccessCmd
                0x00000000       0x20 ..\obj\stm32f10x_pwr.o
 .text.PWR_PVDCmd
                0x00000000       0x20 ..\obj\stm32f10x_pwr.o
 .text.PWR_PVDLevelConfig
                0x00000000       0x38 ..\obj\stm32f10x_pwr.o
 .text.PWR_WakeUpPinCmd
                0x00000000       0x20 ..\obj\stm32f10x_pwr.o
 .text.PWR_EnterSTOPMode
                0x00000000       0x64 ..\obj\stm32f10x_pwr.o
 .text.PWR_EnterSTANDBYMode
                0x00000000       0x3c ..\obj\stm32f10x_pwr.o
 .text.PWR_GetFlagStatus
                0x00000000       0x34 ..\obj\stm32f10x_pwr.o
 .text.PWR_ClearFlag
                0x00000000       0x24 ..\obj\stm32f10x_pwr.o
 .debug_info    0x00000000      0x482 ..\obj\stm32f10x_pwr.o
 .debug_abbrev  0x00000000      0x17f ..\obj\stm32f10x_pwr.o
 .debug_aranges
                0x00000000       0x60 ..\obj\stm32f10x_pwr.o
 .debug_ranges  0x00000000       0x50 ..\obj\stm32f10x_pwr.o
 .debug_line    0x00000000      0x278 ..\obj\stm32f10x_pwr.o
 .debug_str     0x00000000      0x327 ..\obj\stm32f10x_pwr.o
 .comment       0x00000000       0x71 ..\obj\stm32f10x_pwr.o
 .debug_frame   0x00000000      0x164 ..\obj\stm32f10x_pwr.o
 .ARM.attributes
                0x00000000       0x33 ..\obj\stm32f10x_pwr.o
 .text          0x00000000        0x0 ..\obj\stm32f10x_gpio.o
 .data          0x00000000        0x0 ..\obj\stm32f10x_gpio.o
 .bss           0x00000000        0x0 ..\obj\stm32f10x_gpio.o
 .text.GPIO_DeInit
                0x00000000       0xe4 ..\obj\stm32f10x_gpio.o
 .text.GPIO_AFIODeInit
                0x00000000       0x18 ..\obj\stm32f10x_gpio.o
 .text.GPIO_StructInit
                0x00000000       0x28 ..\obj\stm32f10x_gpio.o
 .text.GPIO_ReadInputDataBit
                0x00000000       0x34 ..\obj\stm32f10x_gpio.o
 .text.GPIO_ReadInputData
                0x00000000       0x1c ..\obj\stm32f10x_gpio.o
 .text.GPIO_ReadOutputDataBit
                0x00000000       0x34 ..\obj\stm32f10x_gpio.o
 .text.GPIO_ReadOutputData
                0x00000000       0x1c ..\obj\stm32f10x_gpio.o
 .text.GPIO_WriteBit
                0x00000000       0x30 ..\obj\stm32f10x_gpio.o
 .text.GPIO_Write
                0x00000000       0x1c ..\obj\stm32f10x_gpio.o
 .text.GPIO_PinLockConfig
                0x00000000       0x44 ..\obj\stm32f10x_gpio.o
 .text.GPIO_EventOutputConfig
                0x00000000       0x4c ..\obj\stm32f10x_gpio.o
 .text.GPIO_EventOutputCmd
                0x00000000       0x20 ..\obj\stm32f10x_gpio.o
 .text.GPIO_PinRemapConfig
                0x00000000       0xe0 ..\obj\stm32f10x_gpio.o
 .text.GPIO_EXTILineConfig
                0x00000000       0x84 ..\obj\stm32f10x_gpio.o
 .text.GPIO_ETH_MediaInterfaceConfig
                0x00000000       0x1c ..\obj\stm32f10x_gpio.o
 .text          0x00000000        0x0 ..\obj\main.o
 .data          0x00000000        0x0 ..\obj\main.o
 .text.__io_putchar
                0x00000000       0x34 ..\obj\main.o
 .text          0x00000000        0x0 ..\obj\printf.o
 .bss           0x00000000        0x0 ..\obj\printf.o
 .text.PrintChar
                0x00000000       0x14 ..\obj\printf.o
 .text.snprintf
                0x00000000       0x30 ..\obj\printf.o
 .text.fprintf  0x00000000       0x2c ..\obj\printf.o
 .text          0x00000000        0x0 ..\obj\stm32f10x_rcc.o
 .bss           0x00000000        0x0 ..\obj\stm32f10x_rcc.o
 .text.RCC_AdjustHSICalibrationValue
                0x00000000       0x3c ..\obj\stm32f10x_rcc.o
 .text.RCC_HSICmd
                0x00000000       0x20 ..\obj\stm32f10x_rcc.o
 .text.RCC_ITConfig
                0x00000000       0x4c ..\obj\stm32f10x_rcc.o
 .text.RCC_USBCLKConfig
                0x00000000       0x1c ..\obj\stm32f10x_rcc.o
 .text.RCC_LSEConfig
                0x00000000       0x40 ..\obj\stm32f10x_rcc.o
 .text.RCC_LSICmd
                0x00000000       0x20 ..\obj\stm32f10x_rcc.o
 .text.RCC_RTCCLKConfig
                0x00000000       0x24 ..\obj\stm32f10x_rcc.o
 .text.RCC_RTCCLKCmd
                0x00000000       0x20 ..\obj\stm32f10x_rcc.o
 .text.RCC_APB1PeriphClockCmd
                0x00000000       0x3c ..\obj\stm32f10x_rcc.o
 .text.RCC_APB2PeriphResetCmd
                0x00000000       0x3c ..\obj\stm32f10x_rcc.o
 .text.RCC_APB1PeriphResetCmd
                0x00000000       0x3c ..\obj\stm32f10x_rcc.o
 .text.RCC_BackupResetCmd
                0x00000000       0x20 ..\obj\stm32f10x_rcc.o
 .text.RCC_ClockSecuritySystemCmd
                0x00000000       0x20 ..\obj\stm32f10x_rcc.o
 .text.RCC_MCOConfig
                0x00000000       0x20 ..\obj\stm32f10x_rcc.o
 .text.RCC_ClearFlag
                0x00000000       0x1c ..\obj\stm32f10x_rcc.o
 .text.RCC_GetITStatus
                0x00000000       0x38 ..\obj\stm32f10x_rcc.o
 .text.RCC_ClearITPendingBit
                0x00000000       0x20 ..\obj\stm32f10x_rcc.o
 .text          0x00000000        0x0 ..\obj\stm32f10x_adc.o
 .data          0x00000000        0x0 ..\obj\stm32f10x_adc.o
 .bss           0x00000000        0x0 ..\obj\stm32f10x_adc.o
 .text.ADC_DeInit
                0x00000000       0x74 ..\obj\stm32f10x_adc.o
 .text.ADC_StructInit
                0x00000000       0x38 ..\obj\stm32f10x_adc.o
 .text.ADC_ITConfig
                0x00000000       0x44 ..\obj\stm32f10x_adc.o
 .text.ADC_GetSoftwareStartConvStatus
                0x00000000       0x30 ..\obj\stm32f10x_adc.o
 .text.ADC_DiscModeChannelCountConfig
                0x00000000       0x44 ..\obj\stm32f10x_adc.o
 .text.ADC_DiscModeCmd
                0x00000000       0x38 ..\obj\stm32f10x_adc.o
 .text.ADC_ExternalTrigConvCmd
                0x00000000       0x38 ..\obj\stm32f10x_adc.o
 .text.ADC_GetDualModeConversionValue
                0x00000000       0x18 ..\obj\stm32f10x_adc.o
 .text.ADC_AutoInjectedConvCmd
                0x00000000       0x38 ..\obj\stm32f10x_adc.o
 .text.ADC_InjectedDiscModeCmd
                0x00000000       0x38 ..\obj\stm32f10x_adc.o
 .text.ADC_ExternalTrigInjectedConvConfig
                0x00000000       0x34 ..\obj\stm32f10x_adc.o
 .text.ADC_ExternalTrigInjectedConvCmd
                0x00000000       0x38 ..\obj\stm32f10x_adc.o
 .text.ADC_SoftwareStartInjectedConvCmd
                0x00000000       0x38 ..\obj\stm32f10x_adc.o
 .text.ADC_GetSoftwareStartInjectedConvCmdStatus
                0x00000000       0x30 ..\obj\stm32f10x_adc.o
 .text.ADC_InjectedChannelConfig
                0x00000000      0x120 ..\obj\stm32f10x_adc.o
 .text.ADC_InjectedSequencerLengthConfig
                0x00000000       0x44 ..\obj\stm32f10x_adc.o
 .text.ADC_SetInjectedOffset
                0x00000000       0x34 ..\obj\stm32f10x_adc.o
 .text.ADC_GetInjectedConversionValue
                0x00000000       0x30 ..\obj\stm32f10x_adc.o
 .text.ADC_AnalogWatchdogCmd
                0x00000000       0x38 ..\obj\stm32f10x_adc.o
 .text.ADC_AnalogWatchdogThresholdsConfig
                0x00000000       0x28 ..\obj\stm32f10x_adc.o
 .text.ADC_AnalogWatchdogSingleChannelConfig
                0x00000000       0x38 ..\obj\stm32f10x_adc.o
 .text.ADC_TempSensorVrefintCmd
                0x00000000       0x38 ..\obj\stm32f10x_adc.o
 .text.ADC_GetFlagStatus
                0x00000000       0x34 ..\obj\stm32f10x_adc.o
 .text.ADC_ClearFlag
                0x00000000       0x20 ..\obj\stm32f10x_adc.o
 .text.ADC_GetITStatus
                0x00000000       0x58 ..\obj\stm32f10x_adc.o
 .text.ADC_ClearITPendingBit
                0x00000000       0x2c ..\obj\stm32f10x_adc.o
 .text          0x00000000        0x0 ..\obj\stm32f10x_usart.o
 .data          0x00000000        0x0 ..\obj\stm32f10x_usart.o
 .bss           0x00000000        0x0 ..\obj\stm32f10x_usart.o
 .text.USART_DeInit
                0x00000000       0xb8 ..\obj\stm32f10x_usart.o
 .text.USART_StructInit
                0x00000000       0x38 ..\obj\stm32f10x_usart.o
 .text.USART_ClockStructInit
                0x00000000       0x2c ..\obj\stm32f10x_usart.o
 .text.USART_ITConfig
                0x00000000       0x90 ..\obj\stm32f10x_usart.o
 .text.USART_DMACmd
                0x00000000       0x48 ..\obj\stm32f10x_usart.o
 .text.USART_SetAddress
                0x00000000       0x38 ..\obj\stm32f10x_usart.o
 .text.USART_WakeUpConfig
                0x00000000       0x38 ..\obj\stm32f10x_usart.o
 .text.USART_ReceiverWakeUpCmd
                0x00000000       0x40 ..\obj\stm32f10x_usart.o
 .text.USART_LINBreakDetectLengthConfig
                0x00000000       0x38 ..\obj\stm32f10x_usart.o
 .text.USART_LINCmd
                0x00000000       0x40 ..\obj\stm32f10x_usart.o
 .text.USART_ReceiveData
                0x00000000       0x20 ..\obj\stm32f10x_usart.o
 .text.USART_SendBreak
                0x00000000       0x24 ..\obj\stm32f10x_usart.o
 .text.USART_SetGuardTime
                0x00000000       0x3c ..\obj\stm32f10x_usart.o
 .text.USART_SetPrescaler
                0x00000000       0x38 ..\obj\stm32f10x_usart.o
 .text.USART_SmartCardCmd
                0x00000000       0x40 ..\obj\stm32f10x_usart.o
 .text.USART_SmartCardNACKCmd
                0x00000000       0x40 ..\obj\stm32f10x_usart.o
 .text.USART_HalfDuplexCmd
                0x00000000       0x40 ..\obj\stm32f10x_usart.o
 .text.USART_OverSampling8Cmd
                0x00000000       0x44 ..\obj\stm32f10x_usart.o
 .text.USART_OneBitMethodCmd
                0x00000000       0x40 ..\obj\stm32f10x_usart.o
 .text.USART_IrDAConfig
                0x00000000       0x38 ..\obj\stm32f10x_usart.o
 .text.USART_IrDACmd
                0x00000000       0x40 ..\obj\stm32f10x_usart.o
 .text.USART_GetFlagStatus
                0x00000000       0x38 ..\obj\stm32f10x_usart.o
 .text.USART_ClearFlag
                0x00000000       0x20 ..\obj\stm32f10x_usart.o
 .text.USART_GetITStatus
                0x00000000       0xb8 ..\obj\stm32f10x_usart.o
 .text.USART_ClearITPendingBit
                0x00000000       0x38 ..\obj\stm32f10x_usart.o
 .text          0x00000000        0x0 ..\obj\syscalls.o
 .data          0x00000000        0x0 ..\obj\syscalls.o
 .bss           0x00000000        0x4 ..\obj\syscalls.o
 .text._sbrk    0x00000000       0x40 ..\obj\syscalls.o
 .text.link     0x00000000       0x1c ..\obj\syscalls.o
 .text._close   0x00000000       0x18 ..\obj\syscalls.o
 .text._fstat   0x00000000       0x20 ..\obj\syscalls.o
 .text._isatty  0x00000000       0x18 ..\obj\syscalls.o
 .text._lseek   0x00000000       0x1c ..\obj\syscalls.o
 .text._read    0x00000000       0x1c ..\obj\syscalls.o
 .text._write   0x00000000       0x1c ..\obj\syscalls.o
 .text.abort    0x00000000        0x8 ..\obj\syscalls.o
 .debug_info    0x00000000      0x3ee ..\obj\syscalls.o
 .debug_abbrev  0x00000000       0xe2 ..\obj\syscalls.o
 .debug_aranges
                0x00000000       0x60 ..\obj\syscalls.o
 .debug_ranges  0x00000000       0x50 ..\obj\syscalls.o
 .debug_line    0x00000000      0x172 ..\obj\syscalls.o
 .debug_str     0x00000000      0x2c6 ..\obj\syscalls.o
 .comment       0x00000000       0x71 ..\obj\syscalls.o
 .debug_frame   0x00000000      0x168 ..\obj\syscalls.o
 .ARM.attributes
                0x00000000       0x33 ..\obj\syscalls.o
 .text          0x00000000        0x0 ..\obj\stm32f10x_flash.o
 .data          0x00000000        0x0 ..\obj\stm32f10x_flash.o
 .bss           0x00000000        0x0 ..\obj\stm32f10x_flash.o
 .text.FLASH_HalfCycleAccessCmd
                0x00000000       0x30 ..\obj\stm32f10x_flash.o
 .text.FLASH_Unlock
                0x00000000       0x24 ..\obj\stm32f10x_flash.o
 .text.FLASH_UnlockBank1
                0x00000000       0x24 ..\obj\stm32f10x_flash.o
 .text.FLASH_Lock
                0x00000000       0x1c ..\obj\stm32f10x_flash.o
 .text.FLASH_LockBank1
                0x00000000       0x1c ..\obj\stm32f10x_flash.o
 .text.FLASH_ErasePage
                0x00000000       0x64 ..\obj\stm32f10x_flash.o
 .text.FLASH_EraseAllPages
                0x00000000       0x5c ..\obj\stm32f10x_flash.o
 .text.FLASH_EraseAllBank1Pages
                0x00000000       0x5c ..\obj\stm32f10x_flash.o
 .text.FLASH_EraseOptionBytes
                0x00000000       0xd4 ..\obj\stm32f10x_flash.o
 .text.FLASH_ProgramWord
                0x00000000       0x94 ..\obj\stm32f10x_flash.o
 .text.FLASH_ProgramHalfWord
                0x00000000       0x5c ..\obj\stm32f10x_flash.o
 .text.FLASH_ProgramOptionByteData
                0x00000000       0x78 ..\obj\stm32f10x_flash.o
 .text.FLASH_EnableWriteProtection
                0x00000000      0x118 ..\obj\stm32f10x_flash.o
 .text.FLASH_ReadOutProtection
                0x00000000       0xd4 ..\obj\stm32f10x_flash.o
 .text.FLASH_UserOptionByteConfig
                0x00000000       0x94 ..\obj\stm32f10x_flash.o
 .text.FLASH_GetUserOptionByte
                0x00000000       0x18 ..\obj\stm32f10x_flash.o
 .text.FLASH_GetWriteProtectionOptionByte
                0x00000000       0x18 ..\obj\stm32f10x_flash.o
 .text.FLASH_GetReadOutProtectionStatus
                0x00000000       0x34 ..\obj\stm32f10x_flash.o
 .text.FLASH_GetPrefetchBufferStatus
                0x00000000       0x34 ..\obj\stm32f10x_flash.o
 .text.FLASH_ITConfig
                0x00000000       0x3c ..\obj\stm32f10x_flash.o
 .text.FLASH_GetFlagStatus
                0x00000000       0x54 ..\obj\stm32f10x_flash.o
 .text.FLASH_ClearFlag
                0x00000000       0x1c ..\obj\stm32f10x_flash.o
 .text.FLASH_GetStatus
                0x00000000       0x58 ..\obj\stm32f10x_flash.o
 .text.FLASH_GetBank1Status
                0x00000000       0x58 ..\obj\stm32f10x_flash.o
 .text.FLASH_WaitForLastOperation
                0x00000000       0x44 ..\obj\stm32f10x_flash.o
 .text.FLASH_WaitForLastBank1Operation
                0x00000000       0x44 ..\obj\stm32f10x_flash.o
 .text          0x00000000        0x0 ..\obj\stm32f10x_dma.o
 .data          0x00000000        0x0 ..\obj\stm32f10x_dma.o
 .bss           0x00000000        0x0 ..\obj\stm32f10x_dma.o
 .text.DMA_StructInit
                0x00000000       0x54 ..\obj\stm32f10x_dma.o
 .text.DMA_ITConfig
                0x00000000       0x3c ..\obj\stm32f10x_dma.o
 .text.DMA_SetCurrDataCounter
                0x00000000       0x1c ..\obj\stm32f10x_dma.o
 .text.DMA_GetCurrDataCounter
                0x00000000       0x1c ..\obj\stm32f10x_dma.o
 .text.DMA_GetFlagStatus
                0x00000000       0x54 ..\obj\stm32f10x_dma.o
 .text.DMA_ClearFlag
                0x00000000       0x34 ..\obj\stm32f10x_dma.o
 .text.DMA_GetITStatus
                0x00000000       0x54 ..\obj\stm32f10x_dma.o
 .text.DMA_ClearITPendingBit
                0x00000000       0x34 ..\obj\stm32f10x_dma.o
 .text          0x00000000        0x0 ..\obj\misc.o
 .data          0x00000000        0x0 ..\obj\misc.o
 .bss           0x00000000        0x0 ..\obj\misc.o
 .text.NVIC_PriorityGroupConfig
                0x00000000       0x24 ..\obj\misc.o
 .text.NVIC_Init
                0x00000000       0xc4 ..\obj\misc.o
 .text.NVIC_SystemLPConfig
                0x00000000       0x40 ..\obj\misc.o
 .text.SysTick_CLKSourceConfig
                0x00000000       0x38 ..\obj\misc.o
 .text          0x00000000        0x0 ..\obj\stm32f10x_bkp.o
 .data          0x00000000        0x0 ..\obj\stm32f10x_bkp.o
 .bss           0x00000000        0x0 ..\obj\stm32f10x_bkp.o
 .text.BKP_DeInit
                0x00000000       0x14 ..\obj\stm32f10x_bkp.o
 .text.BKP_TamperPinLevelConfig
                0x00000000       0x20 ..\obj\stm32f10x_bkp.o
 .text.BKP_TamperPinCmd
                0x00000000       0x20 ..\obj\stm32f10x_bkp.o
 .text.BKP_ITConfig
                0x00000000       0x20 ..\obj\stm32f10x_bkp.o
 .text.BKP_RTCOutputConfig
                0x00000000       0x38 ..\obj\stm32f10x_bkp.o
 .text.BKP_SetRTCCalibrationValue
                0x00000000       0x3c ..\obj\stm32f10x_bkp.o
 .text.BKP_WriteBackupRegister
                0x00000000       0x38 ..\obj\stm32f10x_bkp.o
 .text.BKP_ReadBackupRegister
                0x00000000       0x30 ..\obj\stm32f10x_bkp.o
 .text.BKP_GetFlagStatus
                0x00000000       0x18 ..\obj\stm32f10x_bkp.o
 .text.BKP_ClearFlag
                0x00000000       0x20 ..\obj\stm32f10x_bkp.o
 .text.BKP_GetITStatus
                0x00000000       0x18 ..\obj\stm32f10x_bkp.o
 .text.BKP_ClearITPendingBit
                0x00000000       0x20 ..\obj\stm32f10x_bkp.o
 .debug_info    0x00000000      0x79d ..\obj\stm32f10x_bkp.o
 .debug_abbrev  0x00000000      0x163 ..\obj\stm32f10x_bkp.o
 .debug_aranges
                0x00000000       0x78 ..\obj\stm32f10x_bkp.o
 .debug_ranges  0x00000000       0x68 ..\obj\stm32f10x_bkp.o
 .debug_line    0x00000000      0x282 ..\obj\stm32f10x_bkp.o
 .debug_str     0x00000000      0x5ba ..\obj\stm32f10x_bkp.o
 .comment       0x00000000       0x71 ..\obj\stm32f10x_bkp.o
 .debug_frame   0x00000000      0x1c4 ..\obj\stm32f10x_bkp.o
 .ARM.attributes
                0x00000000       0x33 ..\obj\stm32f10x_bkp.o
 .text          0x00000000        0x0 c:/program files (x86)/gnu tools arm embedded/4.9 2015q3/bin/../lib/gcc/arm-none-eabi/4.9.3/../../../../arm-none-eabi/lib/armv7-m\libm.a(lib_a-s_trunc.o)
 .data          0x00000000        0x0 c:/program files (x86)/gnu tools arm embedded/4.9 2015q3/bin/../lib/gcc/arm-none-eabi/4.9.3/../../../../arm-none-eabi/lib/armv7-m\libm.a(lib_a-s_trunc.o)
 .bss           0x00000000        0x0 c:/program files (x86)/gnu tools arm embedded/4.9 2015q3/bin/../lib/gcc/arm-none-eabi/4.9.3/../../../../arm-none-eabi/lib/armv7-m\libm.a(lib_a-s_trunc.o)
 .data          0x00000000        0x0 c:/program files (x86)/gnu tools arm embedded/4.9 2015q3/bin/../lib/gcc/arm-none-eabi/4.9.3/armv7-m\libgcc.a(_arm_addsubdf3.o)
 .bss           0x00000000        0x0 c:/program files (x86)/gnu tools arm embedded/4.9 2015q3/bin/../lib/gcc/arm-none-eabi/4.9.3/armv7-m\libgcc.a(_arm_addsubdf3.o)
 .data          0x00000000        0x0 c:/program files (x86)/gnu tools arm embedded/4.9 2015q3/bin/../lib/gcc/arm-none-eabi/4.9.3/armv7-m\libgcc.a(_arm_muldivdf3.o)
 .bss           0x00000000        0x0 c:/program files (x86)/gnu tools arm embedded/4.9 2015q3/bin/../lib/gcc/arm-none-eabi/4.9.3/armv7-m\libgcc.a(_arm_muldivdf3.o)
 .data          0x00000000        0x0 c:/program files (x86)/gnu tools arm embedded/4.9 2015q3/bin/../lib/gcc/arm-none-eabi/4.9.3/armv7-m\libgcc.a(_arm_fixdfsi.o)
 .bss           0x00000000        0x0 c:/program files (x86)/gnu tools arm embedded/4.9 2015q3/bin/../lib/gcc/arm-none-eabi/4.9.3/armv7-m\libgcc.a(_arm_fixdfsi.o)
 .data          0x00000000        0x0 c:/program files (x86)/gnu tools arm embedded/4.9 2015q3/bin/../lib/gcc/arm-none-eabi/4.9.3/armv7-m\libgcc.a(_arm_truncdfsf2.o)
 .bss           0x00000000        0x0 c:/program files (x86)/gnu tools arm embedded/4.9 2015q3/bin/../lib/gcc/arm-none-eabi/4.9.3/armv7-m\libgcc.a(_arm_truncdfsf2.o)
 .data          0x00000000        0x0 c:/program files (x86)/gnu tools arm embedded/4.9 2015q3/bin/../lib/gcc/arm-none-eabi/4.9.3/armv7-m\libgcc.a(_arm_addsubsf3.o)
 .bss           0x00000000        0x0 c:/program files (x86)/gnu tools arm embedded/4.9 2015q3/bin/../lib/gcc/arm-none-eabi/4.9.3/armv7-m\libgcc.a(_arm_addsubsf3.o)
 .data          0x00000000        0x0 c:/program files (x86)/gnu tools arm embedded/4.9 2015q3/bin/../lib/gcc/arm-none-eabi/4.9.3/armv7-m\libgcc.a(_arm_muldivsf3.o)
 .bss           0x00000000        0x0 c:/program files (x86)/gnu tools arm embedded/4.9 2015q3/bin/../lib/gcc/arm-none-eabi/4.9.3/armv7-m\libgcc.a(_arm_muldivsf3.o)
 .data          0x00000000        0x0 c:/program files (x86)/gnu tools arm embedded/4.9 2015q3/bin/../lib/gcc/arm-none-eabi/4.9.3/armv7-m\libgcc.a(_arm_fixsfsi.o)
 .bss           0x00000000        0x0 c:/program files (x86)/gnu tools arm embedded/4.9 2015q3/bin/../lib/gcc/arm-none-eabi/4.9.3/armv7-m\libgcc.a(_arm_fixsfsi.o)

Memory Configuration

Name             Origin             Length             Attributes
rom              0x08000000         0x00010000         xr
ram              0x20000000         0x00005000         xrw
*default*        0x00000000         0xffffffff

Linker script and memory map

                0x20005000                _eram = 0x20005000

.text           0x08000000     0x2c58
 *(.isr_vector)
 .isr_vector    0x08000000      0x134 ..\obj\startup_stm32f10x_hd.o
                0x08000000                g_pfnVectors
 *(.text*)
 .text.SystemInit
                0x08000134       0x68 ..\obj\system_stm32f10x.o
                0x08000134                SystemInit
 .text.SetSysClock
                0x0800019c        0xc ..\obj\system_stm32f10x.o
 .text.SetSysClockTo72
                0x080001a8      0x100 ..\obj\system_stm32f10x.o
 .text.Default_Reset_Handler
                0x080002a8       0x5c ..\obj\startup_stm32f10x_hd.o
                0x080002a8                Default_Reset_Handler
                0x080002a8                Reset_Handler
 .text.Default_Handler
                0x08000304        0x8 ..\obj\startup_stm32f10x_hd.o
                0x08000304                EXTI2_IRQHandler
                0x08000304                TIM8_TRG_COM_IRQHandler
                0x08000304                TIM8_CC_IRQHandler
                0x08000304                DebugMon_Handler
                0x08000304                TIM1_CC_IRQHandler
                0x08000304                HardFault_Handler
                0x08000304                TIM6_IRQHandler
                0x08000304                SysTick_Handler
                0x08000304                PVD_IRQHandler
                0x08000304                SDIO_IRQHandler
                0x08000304                PendSV_Handler
                0x08000304                NMI_Handler
                0x08000304                EXTI3_IRQHandler
                0x08000304                EXTI0_IRQHandler
                0x08000304                I2C2_EV_IRQHandler
                0x08000304                UsageFault_Handler
                0x08000304                ADC1_2_IRQHandler
                0x08000304                SPI1_IRQHandler
                0x08000304                TAMPER_IRQHandler
                0x08000304                TIM8_UP_IRQHandler
                0x08000304                DMA2_Channel2_IRQHandler
                0x08000304                DMA1_Channel4_IRQHandler
                0x08000304                USART3_IRQHandler
                0x08000304                RTC_IRQHandler
                0x08000304                DMA1_Channel7_IRQHandler
                0x08000304                CAN1_RX1_IRQHandler
                0x08000304                UART5_IRQHandler
                0x08000304                ADC3_IRQHandler
                0x08000304                TIM4_IRQHandler
                0x08000304                DMA2_Channel1_IRQHandler
                0x08000304                I2C1_EV_IRQHandler
                0x08000304                DMA1_Channel6_IRQHandler
                0x08000304                UART4_IRQHandler
                0x08000304                TIM3_IRQHandler
                0x08000304                RCC_IRQHandler
                0x08000304                TIM1_TRG_COM_IRQHandler
                0x08000304                DMA1_Channel1_IRQHandler
                0x08000304                EXTI15_10_IRQHandler
                0x08000304                TIM7_IRQHandler
                0x08000304                TIM5_IRQHandler
                0x08000304                EXTI9_5_IRQHandler
                0x08000304                SPI2_IRQHandler
                0x08000304                MemManage_Handler
                0x08000304                SVC_Handler
                0x08000304                DMA1_Channel5_IRQHandler
                0x08000304                EXTI4_IRQHandler
                0x08000304                USB_LP_CAN1_RX0_IRQHandler
                0x08000304                USB_HP_CAN1_TX_IRQHandler
                0x08000304                DMA1_Channel3_IRQHandler
                0x08000304                FSMC_IRQHandler
                0x08000304                TIM1_UP_IRQHandler
                0x08000304                WWDG_IRQHandler
                0x08000304                TIM2_IRQHandler
                0x08000304                TIM1_BRK_IRQHandler
                0x08000304                EXTI1_IRQHandler
                0x08000304                RTCAlarm_IRQHandler
                0x08000304                DMA2_Channel4_5_IRQHandler
                0x08000304                USART2_IRQHandler
                0x08000304                I2C2_ER_IRQHandler
                0x08000304                DMA1_Channel2_IRQHandler
                0x08000304                TIM8_BRK_IRQHandler
                0x08000304                CAN1_SCE_IRQHandler
                0x08000304                FLASH_IRQHandler
                0x08000304                BusFault_Handler
                0x08000304                USART1_IRQHandler
                0x08000304                SPI3_IRQHandler
                0x08000304                I2C1_ER_IRQHandler
                0x08000304                USBWakeUp_IRQHandler
                0x08000304                DMA2_Channel3_IRQHandler
 .text.GPIO_Init
                0x0800030c      0x180 ..\obj\stm32f10x_gpio.o
                0x0800030c                GPIO_Init
 .text.GPIO_SetBits
                0x0800048c       0x1c ..\obj\stm32f10x_gpio.o
                0x0800048c                GPIO_SetBits
 .text.GPIO_ResetBits
                0x080004a8       0x1c ..\obj\stm32f10x_gpio.o
                0x080004a8                GPIO_ResetBits
 *fill*         0x080004c4        0x4 
 .text.main     0x080004c8      0x35c ..\obj\main.o
                0x080004c8                main
 .text.RCC_Configuration
                0x08000824       0xa0 ..\obj\main.o
                0x08000824                RCC_Configuration
 .text.GPIO_Configuration
                0x080008c4       0x54 ..\obj\main.o
                0x080008c4                GPIO_Configuration
 .text.NVIC_Configuration
                0x08000918       0x10 ..\obj\main.o
                0x08000918                NVIC_Configuration
 .text.USART_Configuration1
                0x08000928       0x5c ..\obj\main.o
                0x08000928                USART_Configuration1
 .text.PutChar  0x08000984       0x20 ..\obj\printf.o
                0x08000984                PutChar
 .text.PutString
                0x080009a4       0x3c ..\obj\printf.o
                0x080009a4                PutString
 .text.PutUnsignedInt
                0x080009e0       0xa0 ..\obj\printf.o
                0x080009e0                PutUnsignedInt
 .text.PutSignedInt
                0x08000a80      0x104 ..\obj\printf.o
                0x08000a80                PutSignedInt
 .text.PutHexa  0x08000b84       0xd8 ..\obj\printf.o
                0x08000b84                PutHexa
 .text.vsnprintf
                0x08000c5c      0x25c ..\obj\printf.o
                0x08000c5c                vsnprintf
 .text.vsprintf
                0x08000eb8       0x24 ..\obj\printf.o
                0x08000eb8                vsprintf
 .text.vfprintf
                0x08000edc       0x68 ..\obj\printf.o
                0x08000edc                vfprintf
 .text.vprintf  0x08000f44       0x28 ..\obj\printf.o
                0x08000f44                vprintf
 .text.printf   0x08000f6c       0x28 ..\obj\printf.o
                0x08000f6c                printf
 .text.sprintf  0x08000f94       0x2c ..\obj\printf.o
                0x08000f94                sprintf
 .text.puts     0x08000fc0       0x24 ..\obj\printf.o
                0x08000fc0                puts
 .text.fputc    0x08000fe4       0x38 ..\obj\printf.o
                0x08000fe4                fputc
 .text.fputs    0x0800101c       0x48 ..\obj\printf.o
                0x0800101c                fputs
 .text.RCC_DeInit
                0x08001064       0x5c ..\obj\stm32f10x_rcc.o
                0x08001064                RCC_DeInit
 .text.RCC_HSEConfig
                0x080010c0       0x5c ..\obj\stm32f10x_rcc.o
                0x080010c0                RCC_HSEConfig
 .text.RCC_WaitForHSEStartUp
                0x0800111c       0x50 ..\obj\stm32f10x_rcc.o
                0x0800111c                RCC_WaitForHSEStartUp
 .text.RCC_PLLConfig
                0x0800116c       0x3c ..\obj\stm32f10x_rcc.o
                0x0800116c                RCC_PLLConfig
 .text.RCC_PLLCmd
                0x080011a8       0x20 ..\obj\stm32f10x_rcc.o
                0x080011a8                RCC_PLLCmd
 .text.RCC_SYSCLKConfig
                0x080011c8       0x38 ..\obj\stm32f10x_rcc.o
                0x080011c8                RCC_SYSCLKConfig
 .text.RCC_GetSYSCLKSource
                0x08001200       0x20 ..\obj\stm32f10x_rcc.o
                0x08001200                RCC_GetSYSCLKSource
 .text.RCC_HCLKConfig
                0x08001220       0x38 ..\obj\stm32f10x_rcc.o
                0x08001220                RCC_HCLKConfig
 .text.RCC_PCLK1Config
                0x08001258       0x38 ..\obj\stm32f10x_rcc.o
                0x08001258                RCC_PCLK1Config
 .text.RCC_PCLK2Config
                0x08001290       0x38 ..\obj\stm32f10x_rcc.o
                0x08001290                RCC_PCLK2Config
 .text.RCC_ADCCLKConfig
                0x080012c8       0x38 ..\obj\stm32f10x_rcc.o
                0x080012c8                RCC_ADCCLKConfig
 .text.RCC_GetClocksFreq
                0x08001300      0x164 ..\obj\stm32f10x_rcc.o
                0x08001300                RCC_GetClocksFreq
 .text.RCC_AHBPeriphClockCmd
                0x08001464       0x3c ..\obj\stm32f10x_rcc.o
                0x08001464                RCC_AHBPeriphClockCmd
 .text.RCC_APB2PeriphClockCmd
                0x080014a0       0x3c ..\obj\stm32f10x_rcc.o
                0x080014a0                RCC_APB2PeriphClockCmd
 .text.RCC_GetFlagStatus
                0x080014dc       0x74 ..\obj\stm32f10x_rcc.o
                0x080014dc                RCC_GetFlagStatus
 .text.ADC_Init
                0x08001550       0xa4 ..\obj\stm32f10x_adc.o
                0x08001550                ADC_Init
 .text.ADC_Cmd  0x080015f4       0x38 ..\obj\stm32f10x_adc.o
                0x080015f4                ADC_Cmd
 .text.ADC_DMACmd
                0x0800162c       0x38 ..\obj\stm32f10x_adc.o
                0x0800162c                ADC_DMACmd
 .text.ADC_ResetCalibration
                0x08001664       0x20 ..\obj\stm32f10x_adc.o
                0x08001664                ADC_ResetCalibration
 .text.ADC_GetResetCalibrationStatus
                0x08001684       0x30 ..\obj\stm32f10x_adc.o
                0x08001684                ADC_GetResetCalibrationStatus
 .text.ADC_StartCalibration
                0x080016b4       0x20 ..\obj\stm32f10x_adc.o
                0x080016b4                ADC_StartCalibration
 .text.ADC_GetCalibrationStatus
                0x080016d4       0x30 ..\obj\stm32f10x_adc.o
                0x080016d4                ADC_GetCalibrationStatus
 .text.ADC_SoftwareStartConvCmd
                0x08001704       0x38 ..\obj\stm32f10x_adc.o
                0x08001704                ADC_SoftwareStartConvCmd
 .text.ADC_RegularChannelConfig
                0x0800173c      0x194 ..\obj\stm32f10x_adc.o
                0x0800173c                ADC_RegularChannelConfig
 .text.ADC_GetConversionValue
                0x080018d0       0x1c ..\obj\stm32f10x_adc.o
                0x080018d0                ADC_GetConversionValue
 .text.USART_Init
                0x080018ec      0x174 ..\obj\stm32f10x_usart.o
                0x080018ec                USART_Init
 .text.USART_ClockInit
                0x08001a60       0x58 ..\obj\stm32f10x_usart.o
                0x08001a60                USART_ClockInit
 .text.USART_Cmd
                0x08001ab8       0x40 ..\obj\stm32f10x_usart.o
                0x08001ab8                USART_Cmd
 .text.USART_SendData
                0x08001af8       0x24 ..\obj\stm32f10x_usart.o
                0x08001af8                USART_SendData
 .text.FLASH_SetLatency
                0x08001b1c       0x38 ..\obj\stm32f10x_flash.o
                0x08001b1c                FLASH_SetLatency
 .text.FLASH_PrefetchBufferCmd
                0x08001b54       0x30 ..\obj\stm32f10x_flash.o
                0x08001b54                FLASH_PrefetchBufferCmd
 .text.DMA_DeInit
                0x08001b84      0x178 ..\obj\stm32f10x_dma.o
                0x08001b84                DMA_DeInit
 .text.DMA_Init
                0x08001cfc       0x7c ..\obj\stm32f10x_dma.o
                0x08001cfc                DMA_Init
 .text.DMA_Cmd  0x08001d78       0x38 ..\obj\stm32f10x_dma.o
                0x08001d78                DMA_Cmd
 .text.NVIC_SetVectorTable
                0x08001db0       0x2c ..\obj\misc.o
                0x08001db0                NVIC_SetVectorTable
 .text.trunc    0x08001ddc       0x74 c:/program files (x86)/gnu tools arm embedded/4.9 2015q3/bin/../lib/gcc/arm-none-eabi/4.9.3/../../../../arm-none-eabi/lib/armv7-m\libm.a(lib_a-s_trunc.o)
                0x08001ddc                trunc
 .text          0x08001e50      0x370 c:/program files (x86)/gnu tools arm embedded/4.9 2015q3/bin/../lib/gcc/arm-none-eabi/4.9.3/armv7-m\libgcc.a(_arm_addsubdf3.o)
                0x08001e50                __aeabi_drsub
                0x08001e58                __aeabi_dsub
                0x08001e58                __subdf3
                0x08001e5c                __aeabi_dadd
                0x08001e5c                __adddf3
                0x080020d4                __floatunsidf
                0x080020d4                __aeabi_ui2d
                0x080020f4                __floatsidf
                0x080020f4                __aeabi_i2d
                0x08002118                __aeabi_f2d
                0x08002118                __extendsfdf2
                0x08002154                __floatundidf
                0x08002154                __aeabi_ul2d
                0x08002164                __floatdidf
                0x08002164                __aeabi_l2d
 .text          0x080021c0      0x424 c:/program files (x86)/gnu tools arm embedded/4.9 2015q3/bin/../lib/gcc/arm-none-eabi/4.9.3/armv7-m\libgcc.a(_arm_muldivdf3.o)
                0x080021c0                __aeabi_dmul
                0x080021c0                __muldf3
                0x08002414                __divdf3
                0x08002414                __aeabi_ddiv
 .text          0x080025e4       0x50 c:/program files (x86)/gnu tools arm embedded/4.9 2015q3/bin/../lib/gcc/arm-none-eabi/4.9.3/armv7-m\libgcc.a(_arm_fixdfsi.o)
                0x080025e4                __aeabi_d2iz
                0x080025e4                __fixdfsi
 .text          0x08002634       0xa0 c:/program files (x86)/gnu tools arm embedded/4.9 2015q3/bin/../lib/gcc/arm-none-eabi/4.9.3/armv7-m\libgcc.a(_arm_truncdfsf2.o)
                0x08002634                __truncdfsf2
                0x08002634                __aeabi_d2f
 .text          0x080026d4      0x21c c:/program files (x86)/gnu tools arm embedded/4.9 2015q3/bin/../lib/gcc/arm-none-eabi/4.9.3/armv7-m\libgcc.a(_arm_addsubsf3.o)
                0x080026d4                __aeabi_frsub
                0x080026dc                __subsf3
                0x080026dc                __aeabi_fsub
                0x080026e0                __aeabi_fadd
                0x080026e0                __addsf3
                0x08002840                __aeabi_ui2f
                0x08002840                __floatunsisf
                0x08002848                __aeabi_i2f
                0x08002848                __floatsisf
                0x08002864                __aeabi_ul2f
                0x08002864                __floatundisf
                0x08002874                __aeabi_l2f
                0x08002874                __floatdisf
 .text          0x080028f0      0x2a0 c:/program files (x86)/gnu tools arm embedded/4.9 2015q3/bin/../lib/gcc/arm-none-eabi/4.9.3/armv7-m\libgcc.a(_arm_muldivsf3.o)
                0x080028f0                __mulsf3
                0x080028f0                __aeabi_fmul
                0x08002a58                __aeabi_fdiv
                0x08002a58                __divsf3
 .text          0x08002b90       0x4c c:/program files (x86)/gnu tools arm embedded/4.9 2015q3/bin/../lib/gcc/arm-none-eabi/4.9.3/armv7-m\libgcc.a(_arm_fixsfsi.o)
                0x08002b90                __aeabi_f2iz
                0x08002b90                __fixsfsi
 *(.init)
 *(.fini)
 *crtbegin.o(.ctors)
 *crtbegin?.o(.ctors)
 *(EXCLUDE_FILE(*crtend.o *crtend?.o) .ctors)
 *(SORT(.ctors.*))
 *(.ctors)
 *crtbegin.o(.dtors)
 *crtbegin?.o(.dtors)
 *(EXCLUDE_FILE(*crtend.o *crtend?.o) .dtors)
 *(SORT(.dtors.*))
 *(.dtors)
 *(.rodata*)
 .rodata        0x08002bdc       0x57 ..\obj\main.o
 *fill*         0x08002c33        0x1 
 .rodata        0x08002c34       0x24 ..\obj\printf.o
 *(.eh_fram e*)

.glue_7         0x08002c58        0x0
 .glue_7        0x00000000        0x0 linker stubs

.glue_7t        0x08002c58        0x0
 .glue_7t       0x00000000        0x0 linker stubs

.vfp11_veneer   0x08002c58        0x0
 .vfp11_veneer  0x00000000        0x0 linker stubs

.v4_bx          0x08002c58        0x0
 .v4_bx         0x00000000        0x0 linker stubs

.iplt           0x08002c58        0x0
 .iplt          0x00000000        0x0 ..\obj\stm32f10x_rtc.o

.rel.dyn        0x08002c58        0x0
 .rel.iplt      0x00000000        0x0 ..\obj\stm32f10x_rtc.o

.ARM.extab
 *(.ARM.extab* .gnu.linkonce.armextab.*)
                0x08002c58                __exidx_start = .

.ARM.exidx
 *(.ARM.exidx* .gnu.linkonce.armexidx.*)
                0x08002c58                __exidx_end = .
                0x08002c58                __etext = .
                0x08002c58                _sidata = __etext

.data           0x20000000      0x440 load address 0x08002c58
                0x20000000                __data_start__ = .
                0x20000000                _sdata = __data_start__
 *(vtable)
 *(.data*)
 .data          0x20000000      0x42c ..\obj\printf.o
                0x20000000                r
                0x20000428                _impure_ptr
 .data          0x2000042c       0x14 ..\obj\stm32f10x_rcc.o
                0x20000440                . = ALIGN (0x4)
                0x20000440                PROVIDE (__preinit_array_start, .)
 *(.preinit_array)
                0x20000440                PROVIDE (__preinit_array_end, .)
                0x20000440                . = ALIGN (0x4)
                0x20000440                PROVIDE (__init_array_start, .)
 *(SORT(.init_array.*))
 *(.init_array)
                0x20000440                PROVIDE (__init_array_end, .)
                0x20000440                . = ALIGN (0x4)
                0x20000440                PROVIDE (__fini_array_start, .)
 *(SORT(.fini_array.*))
 *(.fini_array)
                0x20000440                PROVIDE (__fini_array_end, .)
 *(.jcr*)
                0x20000440                . = ALIGN (0x4)
                0x20000440                __data_end__ = .
                0x20000440                _edata = __data_end__

.igot.plt       0x20000440        0x0 load address 0x08003098
 .igot.plt      0x00000000        0x0 ..\obj\stm32f10x_rtc.o

.bss            0x20000440       0x5c load address 0x08003098
                0x20000440                . = ALIGN (0x4)
                0x20000440                __bss_start__ = .
                0x20000440                _sbss = __bss_start__
 *(.bss*)
 .bss           0x20000440        0x8 ..\obj\main.o
 *(COMMON)
 COMMON         0x20000448       0x54 ..\obj\main.o
                0x20000448                HSEStartUpStatus
                0x20000449                Clock1s
                0x2000044c                AD_value
                0x20000450                AD1_value
                0x20000454                ADC_InitStructure
                0x20000468                ADC_ConvertedValue
                0x2000046c                DMA_InitStructure
                0x20000498                AD_value1
                0x2000049c                . = ALIGN (0x4)
                0x2000049c                __bss_end__ = .
                0x2000049c                _ebss = __bss_end__

.heap           0x2000049c        0x0
                0x2000049c                __end__ = .
                0x2000049c                _end = __end__
                0x2000049c                end = __end__
 *(.heap*)
                0x2000049c                __HeapLimit = .

.co_stack       0x2000049c      0x404 load address 0x080030f4
                0x200004a0                . = ALIGN (0x8)
 *fill*         0x2000049c        0x4 
 *(.co_stack .co_stack.*)
 .co_stack      0x200004a0      0x400 ..\obj\startup_stm32f10x_hd.o
                0x200004a0                pulStack
                0x20005000                __StackTop = (ORIGIN (ram) + 0x5000)
                0x20004bfc                __StackLimit = (__StackTop - SIZEOF (.co_stack))
                0x20005000                PROVIDE (__stack, __StackTop)
                0x00000001                ASSERT ((__StackLimit >= __HeapLimit), region ram  overflowed with stack)
LOAD ..\obj\stm32f10x_rtc.o
LOAD ..\obj\system_stm32f10x.o
LOAD ..\obj\startup_stm32f10x_hd.o
LOAD ..\obj\stm32f10x_pwr.o
LOAD ..\obj\stm32f10x_gpio.o
LOAD ..\obj\main.o
LOAD ..\obj\printf.o
LOAD ..\obj\stm32f10x_rcc.o
LOAD ..\obj\stm32f10x_adc.o
LOAD ..\obj\stm32f10x_usart.o
LOAD ..\obj\syscalls.o
LOAD ..\obj\stm32f10x_flash.o
LOAD ..\obj\stm32f10x_dma.o
LOAD ..\obj\misc.o
LOAD ..\obj\stm32f10x_bkp.o
LOAD c:/program files (x86)/gnu tools arm embedded/4.9 2015q3/bin/../lib/gcc/arm-none-eabi/4.9.3/../../../../arm-none-eabi/lib/armv7-m\libm.a
LOAD c:/program files (x86)/gnu tools arm embedded/4.9 2015q3/bin/../lib/gcc/arm-none-eabi/4.9.3/armv7-m\libgcc.a
LOAD c:/program files (x86)/gnu tools arm embedded/4.9 2015q3/bin/../lib/gcc/arm-none-eabi/4.9.3/../../../../arm-none-eabi/lib/armv7-m\libc.a
LOAD c:/program files (x86)/gnu tools arm embedded/4.9 2015q3/bin/../lib/gcc/arm-none-eabi/4.9.3/../../../../arm-none-eabi/lib/armv7-m\libnosys.a
START GROUP
LOAD c:/program files (x86)/gnu tools arm embedded/4.9 2015q3/bin/../lib/gcc/arm-none-eabi/4.9.3/armv7-m\libgcc.a
LOAD c:/program files (x86)/gnu tools arm embedded/4.9 2015q3/bin/../lib/gcc/arm-none-eabi/4.9.3/../../../../arm-none-eabi/lib/armv7-m\libg.a
LOAD c:/program files (x86)/gnu tools arm embedded/4.9 2015q3/bin/../lib/gcc/arm-none-eabi/4.9.3/../../../../arm-none-eabi/lib/armv7-m\libc.a
END GROUP
OUTPUT(blink02.elf elf32-littlearm)

.debug_info     0x00000000     0x5346
 .debug_info    0x00000000      0x479 ..\obj\system_stm32f10x.o
 .debug_info    0x00000479       0xe9 ..\obj\startup_stm32f10x_hd.o
 .debug_info    0x00000562      0x6e7 ..\obj\stm32f10x_gpio.o
 .debug_info    0x00000c49      0x85a ..\obj\main.o
 .debug_info    0x000014a3      0xf59 ..\obj\printf.o
 .debug_info    0x000023fc      0x88d ..\obj\stm32f10x_rcc.o
 .debug_info    0x00002c89      0xb74 ..\obj\stm32f10x_adc.o
 .debug_info    0x000037fd      0x9e8 ..\obj\stm32f10x_usart.o
 .debug_info    0x000041e5      0x7b1 ..\obj\stm32f10x_flash.o
 .debug_info    0x00004996      0x473 ..\obj\stm32f10x_dma.o
 .debug_info    0x00004e09      0x53d ..\obj\misc.o

.debug_abbrev   0x00000000     0x1128
 .debug_abbrev  0x00000000      0x14c ..\obj\system_stm32f10x.o
 .debug_abbrev  0x0000014c       0xa7 ..\obj\startup_stm32f10x_hd.o
 .debug_abbrev  0x000001f3      0x1c8 ..\obj\stm32f10x_gpio.o
 .debug_abbrev  0x000003bb      0x1ef ..\obj\main.o
 .debug_abbrev  0x000005aa      0x2a5 ..\obj\printf.o
 .debug_abbrev  0x0000084f      0x1ba ..\obj\stm32f10x_rcc.o
 .debug_abbrev  0x00000a09      0x198 ..\obj\stm32f10x_adc.o
 .debug_abbrev  0x00000ba1      0x162 ..\obj\stm32f10x_usart.o
 .debug_abbrev  0x00000d03      0x18b ..\obj\stm32f10x_flash.o
 .debug_abbrev  0x00000e8e      0x155 ..\obj\stm32f10x_dma.o
 .debug_abbrev  0x00000fe3      0x145 ..\obj\misc.o

.debug_aranges  0x00000000      0x6e8
 .debug_aranges
                0x00000000       0x38 ..\obj\system_stm32f10x.o
 .debug_aranges
                0x00000038       0x28 ..\obj\startup_stm32f10x_hd.o
 .debug_aranges
                0x00000060       0xa8 ..\obj\stm32f10x_gpio.o
 .debug_aranges
                0x00000108       0x48 ..\obj\main.o
 .debug_aranges
                0x00000150       0xa0 ..\obj\printf.o
 .debug_aranges
                0x000001f0      0x118 ..\obj\stm32f10x_rcc.o
 .debug_aranges
                0x00000308      0x138 ..\obj\stm32f10x_adc.o
 .debug_aranges
                0x00000440      0x100 ..\obj\stm32f10x_usart.o
 .debug_aranges
                0x00000540       0xf8 ..\obj\stm32f10x_flash.o
 .debug_aranges
                0x00000638       0x70 ..\obj\stm32f10x_dma.o
 .debug_aranges
                0x000006a8       0x40 ..\obj\misc.o

.debug_ranges   0x00000000      0x638
 .debug_ranges  0x00000000       0x28 ..\obj\system_stm32f10x.o
 .debug_ranges  0x00000028       0x18 ..\obj\startup_stm32f10x_hd.o
 .debug_ranges  0x00000040       0x98 ..\obj\stm32f10x_gpio.o
 .debug_ranges  0x000000d8       0x38 ..\obj\main.o
 .debug_ranges  0x00000110       0x90 ..\obj\printf.o
 .debug_ranges  0x000001a0      0x108 ..\obj\stm32f10x_rcc.o
 .debug_ranges  0x000002a8      0x128 ..\obj\stm32f10x_adc.o
 .debug_ranges  0x000003d0       0xf0 ..\obj\stm32f10x_usart.o
 .debug_ranges  0x000004c0       0xe8 ..\obj\stm32f10x_flash.o
 .debug_ranges  0x000005a8       0x60 ..\obj\stm32f10x_dma.o
 .debug_ranges  0x00000608       0x30 ..\obj\misc.o

.debug_line     0x00000000     0x2614
 .debug_line    0x00000000      0x216 ..\obj\system_stm32f10x.o
 .debug_line    0x00000216       0x9f ..\obj\startup_stm32f10x_hd.o
 .debug_line    0x000002b5      0x3a8 ..\obj\stm32f10x_gpio.o
 .debug_line    0x0000065d      0x319 ..\obj\main.o
 .debug_line    0x00000976      0x45d ..\obj\printf.o
 .debug_line    0x00000dd3      0x4b5 ..\obj\stm32f10x_rcc.o
 .debug_line    0x00001288      0x513 ..\obj\stm32f10x_adc.o
 .debug_line    0x0000179b      0x48b ..\obj\stm32f10x_usart.o
 .debug_line    0x00001c26      0x4c3 ..\obj\stm32f10x_flash.o
 .debug_line    0x000020e9      0x2f5 ..\obj\stm32f10x_dma.o
 .debug_line    0x000023de      0x236 ..\obj\misc.o

.debug_str      0x00000000     0x228b
 .debug_str     0x00000000      0x285 ..\obj\system_stm32f10x.o
                                0x2f4 (size before relaxing)
 .debug_str     0x00000285       0xad ..\obj\startup_stm32f10x_hd.o
                                0x144 (size before relaxing)
 .debug_str     0x00000332      0x3b2 ..\obj\stm32f10x_gpio.o
                                0x51e (size before relaxing)
 .debug_str     0x000006e4      0x459 ..\obj\main.o
                                0x70c (size before relaxing)
 .debug_str     0x00000b3d      0x4c2 ..\obj\printf.o
                                0x6f5 (size before relaxing)
 .debug_str     0x00000fff      0x3cb ..\obj\stm32f10x_rcc.o
                                0x61f (size before relaxing)
 .debug_str     0x000013ca      0x469 ..\obj\stm32f10x_adc.o
                                0x700 (size before relaxing)
 .debug_str     0x00001833      0x358 ..\obj\stm32f10x_usart.o
                                0x695 (size before relaxing)
 .debug_str     0x00001b8b      0x404 ..\obj\stm32f10x_flash.o
                                0x5ed (size before relaxing)
 .debug_str     0x00001f8f      0x13c ..\obj\stm32f10x_dma.o
                                0x3bc (size before relaxing)
 .debug_str     0x000020cb      0x1c0 ..\obj\misc.o
                                0x3c3 (size before relaxing)

.comment        0x00000000       0x70
 .comment       0x00000000       0x70 ..\obj\system_stm32f10x.o
                                 0x71 (size before relaxing)
 .comment       0x00000000       0x71 ..\obj\startup_stm32f10x_hd.o
 .comment       0x00000000       0x71 ..\obj\stm32f10x_gpio.o
 .comment       0x00000000       0x71 ..\obj\main.o
 .comment       0x00000000       0x71 ..\obj\printf.o
 .comment       0x00000000       0x71 ..\obj\stm32f10x_rcc.o
 .comment       0x00000000       0x71 ..\obj\stm32f10x_adc.o
 .comment       0x00000000       0x71 ..\obj\stm32f10x_usart.o
 .comment       0x00000000       0x71 ..\obj\stm32f10x_flash.o
 .comment       0x00000000       0x71 ..\obj\stm32f10x_dma.o
 .comment       0x00000000       0x71 ..\obj\misc.o

.ARM.attributes
                0x00000000       0x33
 .ARM.attributes
                0x00000000       0x33 ..\obj\system_stm32f10x.o
 .ARM.attributes
                0x00000033       0x33 ..\obj\startup_stm32f10x_hd.o
 .ARM.attributes
                0x00000066       0x33 ..\obj\stm32f10x_gpio.o
 .ARM.attributes
                0x00000099       0x33 ..\obj\main.o
 .ARM.attributes
                0x000000cc       0x33 ..\obj\printf.o
 .ARM.attributes
                0x000000ff       0x33 ..\obj\stm32f10x_rcc.o
 .ARM.attributes
                0x00000132       0x33 ..\obj\stm32f10x_adc.o
 .ARM.attributes
                0x00000165       0x33 ..\obj\stm32f10x_usart.o
 .ARM.attributes
                0x00000198       0x33 ..\obj\stm32f10x_flash.o
 .ARM.attributes
                0x000001cb       0x33 ..\obj\stm32f10x_dma.o
 .ARM.attributes
                0x000001fe       0x33 ..\obj\misc.o
 .ARM.attributes
                0x00000231       0x2d c:/program files (x86)/gnu tools arm embedded/4.9 2015q3/bin/../lib/gcc/arm-none-eabi/4.9.3/../../../../arm-none-eabi/lib/armv7-m\libm.a(lib_a-s_trunc.o)
 .ARM.attributes
                0x0000025e       0x1d c:/program files (x86)/gnu tools arm embedded/4.9 2015q3/bin/../lib/gcc/arm-none-eabi/4.9.3/armv7-m\libgcc.a(_arm_addsubdf3.o)
 .ARM.attributes
                0x0000027b       0x1d c:/program files (x86)/gnu tools arm embedded/4.9 2015q3/bin/../lib/gcc/arm-none-eabi/4.9.3/armv7-m\libgcc.a(_arm_muldivdf3.o)
 .ARM.attributes
                0x00000298       0x1d c:/program files (x86)/gnu tools arm embedded/4.9 2015q3/bin/../lib/gcc/arm-none-eabi/4.9.3/armv7-m\libgcc.a(_arm_fixdfsi.o)
 .ARM.attributes
                0x000002b5       0x1d c:/program files (x86)/gnu tools arm embedded/4.9 2015q3/bin/../lib/gcc/arm-none-eabi/4.9.3/armv7-m\libgcc.a(_arm_truncdfsf2.o)
 .ARM.attributes
                0x000002d2       0x1d c:/program files (x86)/gnu tools arm embedded/4.9 2015q3/bin/../lib/gcc/arm-none-eabi/4.9.3/armv7-m\libgcc.a(_arm_addsubsf3.o)
 .ARM.attributes
                0x000002ef       0x1d c:/program files (x86)/gnu tools arm embedded/4.9 2015q3/bin/../lib/gcc/arm-none-eabi/4.9.3/armv7-m\libgcc.a(_arm_muldivsf3.o)
 .ARM.attributes
                0x0000030c       0x1d c:/program files (x86)/gnu tools arm embedded/4.9 2015q3/bin/../lib/gcc/arm-none-eabi/4.9.3/armv7-m\libgcc.a(_arm_fixsfsi.o)

.debug_frame    0x00000000     0x1d74
 .debug_frame   0x00000000       0x98 ..\obj\system_stm32f10x.o
 .debug_frame   0x00000098       0x4c ..\obj\startup_stm32f10x_hd.o
 .debug_frame   0x000000e4      0x2d0 ..\obj\stm32f10x_gpio.o
 .debug_frame   0x000003b4       0xd8 ..\obj\main.o
 .debug_frame   0x0000048c      0x2e0 ..\obj\printf.o
 .debug_frame   0x0000076c      0x4f4 ..\obj\stm32f10x_rcc.o
 .debug_frame   0x00000c60      0x5a4 ..\obj\stm32f10x_adc.o
 .debug_frame   0x00001204      0x490 ..\obj\stm32f10x_usart.o
 .debug_frame   0x00001694      0x410 ..\obj\stm32f10x_flash.o
 .debug_frame   0x00001aa4      0x1c8 ..\obj\stm32f10x_dma.o
 .debug_frame   0x00001c6c       0xd8 ..\obj\misc.o
 .debug_frame   0x00001d44       0x30 c:/program files (x86)/gnu tools arm embedded/4.9 2015q3/bin/../lib/gcc/arm-none-eabi/4.9.3/../../../../arm-none-eabi/lib/armv7-m\libm.a(lib_a-s_trunc.o)
